=== 1. パンクラス: 保存済みruleType vs 新判定器の突合 ===

[差分] PANCRASE 252 / 2013-09-29 / #2 レオ・ズーリック(-) vs 小西拓槙(-)
  保存済み: MMA -> 新判定: キックボクシング
  headingText: 第2試合 ISKAオリエンタル・インターコンチネンタル・スーパーウェルター級タイトルマッチ 3分5回戦 ISKAオリエンタル・ルール
  namedDivision: ウェルター級

総bout数: 4834 / 差分件数: 1

=== 2. DEEP: 新判定器による非MMA判定候補(全件) ===

総bout数: 2337 / 非MMA判定件数: 41

うちslug解決済み(選手記録に影響): 7件

--- 全件(未解決含む。誤除外(=本来MMAの試合)がないかの目視確認用) ---
  [DEEP PROTECT IMPACT 2008 / 2008-12-22 / #10] 長島☆自演乙☆雄一郎(-) vs サクシー・K-RIVER(-) -> キックボクシング
    headingText: キックルール 70kg契約 3分3R
  [DEEP OSAKA IMPACT 2013 / 2013-04-28 / #6] TAISHO(-) vs 平井慎介(-) -> シュートボクシング
    headingText: 62.0kg契約 シュートボクシング公式戦 SBルール 3分3R
  [DEEP JEWELS ~旗揚げ戦~ / 2013-08-31 / #9] AZUMA(-) vs キム・ジヨン(-) -> キックボクシング
    headingText: DEEP JWEWLS57.5kg以下 3分3R キックルール
  [DEEP JEWELS ~旗揚げ戦~ / 2013-08-31 / #6] 松田玲奈(-) vs ルミナK(-) -> キックボクシング
    headingText: DEEP JEWELS52kg以下契約 2分3R キックルール
  [DEEP JEWELS ~旗揚げ戦~ / 2013-08-31 / #4] 湯浅麗歌子(-) vs 魅津希(-) -> グラップリング
    headingText: DEEP JEWELSライト級 グラップリングルール 4分2R
★ [DEEP JEWELS 2 / 2013-11-04 / #1] 三浦彩佳(ayaka-miura) vs 小寺麻美(-) -> グラップリング
    headingText: DEEP JEWELSライト級 4分2R グラップリングルール
  [DEEP JEWELS 4 / 2014-05-18 / #6] ハム・ソヒ(-) vs キラッ☆yuuki(-) -> キックボクシング
    headingText: DEEP JEWELSフェザー級 キックルール 5分2R
  [DEEP JEWELS 4 / 2014-05-18 / #2] MIYOKO(-) vs 山口小百合(-) -> グラップリング
    headingText: DEEP JEWELS50kg以下 グラップリングルール 4分2R
  [DEEP CAGE IMPACT 2014 / 2014-07-21 / #9] マスクドCoCo壱(-) vs 嶋本宗薫(-) -> グラップリング
    headingText: グラップリングルール 無差別級 4分2R
  [DEEP JEWELS 5 / 2014-08-09 / #6] 石岡沙織(-) vs 関友紀子(-) -> グラップリング
    headingText: DEEP JEWELSフェザー級 4分2R グラップリングルール
★ [DEEP JEWELS 5 / 2014-08-09 / #2] SARAMI(sarami) vs 三浦彩佳(ayaka-miura) -> グラップリング
    headingText: DEEP JEWELSフェザー級 4分2R グラップリングルール
  [DEEP JEWELS 5 / 2014-08-09 / #1] ジャイアント・キマタ(-) vs 山口小百合(-) -> グラップリング
    headingText: DEEP JEWELSフェザー級 4分2R グラップリングルール
  [FUNABASHI BOM-BA-YE / 2015-05-09 / #2] ー富松恵美(-) vs ーV.V.Mei(-) -> エキシビジョン
    headingText: DEEP JEWELSスペシャルエキシビション 5分1R
  [DEEP JEWELS 8 / 2015-05-31 / #4] 浜崎朱加(-) vs 魅津希(-) -> グラップリング
    headingText: DEEP JEWELSグラップリングマッチ 4分2R
  [DEEP JEWELS 8 / 2015-05-31 / #1] 奈部ゆかり(-) vs 石塚胡桃(-) -> グラップリング
    headingText: DEEP JEWELSグラップリングマッチ 4分2R
★ [DEEP JEWELS 9 / 2015-08-29 / #1] 向奈都美(-) vs 杉本 恵(sugimoto-megumi) -> グラップリング
    headingText: DEEP JEWELS52kg以下 グラップリングマッチ 4分2R
  [DEEP JEWELS 10 / 2015-11-23 / #1] 大久保夏実(-) vs 第一 DATE(-) -> グラップリング
    headingText: DEEP JEWELS VS Team DATE5vs5全面対抗戦 DEEP JEWELS53kg以下 グラップリング 4分2R
★ [DEEP JEWELS 11 / 2016-03-06 / #3] 梅尾メイ(-) vs SARAMI(sarami) -> キックボクシング
    headingText: DEEP JEWELS キックルール 50kg以下 3分3R
  [DEEP JEWELS 11 / 2016-03-06 / #1] 向奈都美(-) vs 前澤 智(-) -> グラップリング
    headingText: DEEP JEWELSストロー級 グラップリングルール 4分2R
  [DEEP JEWELS 12 / 2016-06-05 / #5] 向奈都美(-) vs 長野美香(-) -> グラップリング
    headingText: DEEP JEWELSストロー級 グラップリングルール 4分2R
  [DEEP JEWELS 13 / 2016-08-27 / #2] 永田恵梨子(-) vs 真理 DATE(-) -> キックボクシング
    headingText: DEEP JEWELSキックルール 50kg以下 3分2R
  [DEEP 77 IMPACT / 2016-08-27 / #10] 永田恵梨子(-) vs 真理 DATE(-) -> キックボクシング
    headingText: キックルール 50kg契約 3分2R
  [DEEP JEWELS 18 / 2017-12-03 / #4] 齋藤裕子(-) vs 長野美香(-) -> グラップリング
    headingText: DEEP JEWELSストロー級 3分2R グラップリングルール
  [DEEP 83 IMPACT / 2018-04-28 / #10] 堀尾竜司(-) vs 結城将人(-) -> キックボクシング
    headingText: キックルール 55kg契約 3分3R
  [DEEP 95 IMPACT / 2020-08-23 / #6] KINGレイナ(-) vs 熊谷麻理奈(-) -> キックボクシング
    headingText: DEEPキックボクシングルール女子 3分3R
  [DEEP 100 IMPACT ～20th Anniversary～ / 2021-02-21 / #9] 廣田瑞人(-) vs 松本晃市郎(-) -> グラップリング
    headingText: DEEP 100回記念スペシャルエキシビション グラップリングダッグマッチ
★ [DEEP JEWELS 32 / 2021-03-07 / #4] 伊澤星花(izawa-seika) vs 杉本恵(sugimoto-megumi) -> グラップリング
    headingText: DEEP JEWELS 54kg以下 5分1R グラップリングルール
  [DEEP JEWELS 35 / 2021-12-11 / #2] ▲音波(-) vs ▲山口遥花(-) -> キックボクシング
    headingText: DEEP JEWELS 50kg以下 3分3R キックルール
  [DEEP HAMAMATSU IMPACT 2023 / 2023-09-24 / #15] 新井昴弥(-) vs 長谷川大祐(-) -> キックボクシング
    headingText: DEEP 52kg以下 キックルール 3分3R
  [DEEP HAMAMATSU IMPACT 2023 / 2023-09-24 / #12] 宮内勇也(-) vs 田中秀太(-) -> キックボクシング
    headingText: DEEP 60kg以下 キックルール 3分3R
  [DEEP HAMAMATSU IMPACT 2023 / 2023-09-24 / #11] Uver∞miyU(-) vs 奥村琉奈(-) -> キックボクシング
    headingText: DEEP 46kg以下 キックルール 3分3R
★ [DEEP HAMAMATSU IMPACT 2023 / 2023-09-24 / #8] TKCウィンチェスター(-) vs タンク内藤(naito-tank) -> キックボクシング
    headingText: DEEP 90kg以下 キックルール 3分3R
  [DEEP HAMAMATSU IMPACT 2023 / 2023-09-24 / #7] 優和(-) vs 彪羽(-) -> キックボクシング
    headingText: DEEP 55kg以下 キックルール 3分3R
  [DEEP HAMAMATSU IMPACT 2023 / 2023-09-24 / #4] ファイヤー学(-) vs 斗志夢(-) -> キックボクシング
    headingText: DEEP 73kg以下キックルール 2分3R
  [DEEP HAMAMATSU IMPACT 2023 / 2023-09-24 / #3] 斉藤恒太(-) vs 川口裕矢(-) -> キックボクシング
    headingText: DEEP 57kg以下 キックルール 2分3R
  [DEEP HAMAMATSU IMPACT 2023 / 2023-09-24 / #2] 長谷川愛翔(-) vs 佐藤力也(-) -> キックボクシング
    headingText: DEEP 55kg以下 キックルール 2分3R
  [DEEP HAMAMATSU IMPACT 2023 / 2023-09-24 / #1] 高林和真(-) vs 高山敦(-) -> キックボクシング
    headingText: DEEP 53kg以下 キックルール 2分3R
  [DEEP JEWELS 43 / 2023-11-23 / #2] 横瀬友愛(-) vs あきぴ(-) -> グラップリング
    headingText: ▼DEEP JEWELS 54kg以下 グラップリングルール 5分1R
★ [DEEP JEWELS 45 / 2024-05-26 / #1] 鈴木”BOSS”遥(-) vs 青野ひかる(aono-hikaru) -> グラップリング
    headingText: DEEP JEWELS 59kg以下5分1R グラップリングルール
  [DEEP HAMAMATSU IMPACT 2024 / 2024-10-06 / #13] 内山拓真(-) vs 胸毛ニキ(-) -> グラップリング
    headingText: DEEPグラップリングルール エキシビジョンマッチ
  [DEEP JEWELS 49 / 2025-05-25 / #1] エレナ(-) vs ちゃんりな(-) -> キックボクシング
    headingText: DEEP 60kg以下 3分2R キックルール

=== 2. 修斗: 新判定器による非MMA判定候補(全件) ===

総bout数: 2145 / 非MMA判定件数: 65

うちslug解決済み(選手記録に影響): 9件

--- 全件(未解決含む。誤除外(=本来MMAの試合)がないかの目視確認用) ---
  [プロフェッショナル修斗公式戦「越後風神祭り6」 / 2018-11-18 / #4] 大久保 ヤスシ(-) vs 井田 悟(-) -> グラップリング
    headingText: 越後風神柔術 66kg契約 第4試合 5分2R
  [PROFESSIONAL SHOOTO 2020 Vol.3 ABEMAテレビマッチ Supported by ONE Championship / 2020-05-31 / #6] 世羅 智茂(-) vs 岩本 建汰(-) -> グラップリング
    headingText: AOKI PROJECT 提供マッチ グラップリングルール72kg契約 第6試合 10分1R
  [PROFESSIONAL SHOOTO 2020 Vol.4 in OSAKA Supported by ONE Championship / 2020-07-12 / #7] 有井 渚海(-) vs 紀之定 健真(-) -> キックボクシング
    headingText: 新空手道連盟提供試合キックボクシングルール 55Kg契約 肘無し 第7試合 3分3R
  [PROFESSIONAL SHOOTO 2020 Vol.4 in OSAKA Supported by ONE Championship / 2020-07-12 / #6] 内藤 啓人(-) vs 匠郎(-) -> キックボクシング
    headingText: 新空手道連盟提供試合キックボクシングルール 55Kg契約 肘無し 第6試合 3分3R
  [PROFESSIONAL SHOOTO 2020 Vol.8 最終戦 in OSAKA 2部 Supported by ONE Championship / 2020-12-20 / #4] 有井 渚海(-) vs 内藤 啓人(-) -> キックボクシング
    headingText: 全日本新空手道連盟提供試合 キックボクシングルール55kg契約 第4試合 新空手道連盟 3分3R
    namedDivision: 新空手道連盟
  [PROFESSIONAL SHOOTO 2020 Vol.8 最終戦 in OSAKA 2部 Supported by ONE Championship / 2020-12-20 / #3] 基山 幹太(-) vs 龍翔(-) -> キックボクシング
    headingText: 全日本新空手道連盟提供試合 キックボクシングルール60kg契約 第3試合 新空手道連盟 3分3R
    namedDivision: 新空手道連盟
  [THE SHOOTO OKINAWA vol.５ / 2021-11-14 / #1] 小生 隆弘(-) vs 清水 慎也(-) -> グラップリング
    headingText: ワンマッチ 茶帯ライトフェザー級 ブラジリアン柔術 8分1R
    namedDivision: ブラジリアン柔術
  [PROFESSIONAL SHOOTO 2021 Vol.8 in OSAKA Supported by ONE Championship / 2021-12-19 / #7] 基山 幹太(-) vs 井口 翔太(-) -> キックボクシング
    headingText: 全日本新空手道連盟提供試合キックルール-60kg 3分3R延長1R 第7試合 新空手道連盟 3分3R
    namedDivision: 新空手道連盟
  [PROFESSIONAL SHOOTO 2021 Vol.8 in OSAKA Supported by ONE Championship / 2021-12-19 / #6] 田渕 神太(-) vs 小只 直弥(-) -> キックボクシング
    headingText: 全日本新空手道連盟提供試合 キックルール-55kg 3分3R延長1R 第6試合 新空手道連盟
    namedDivision: 新空手道連盟
  [PROFESSIONAL SHOOTO 2021 Vol.8 in OSAKA Supported by ONE Championship / 2021-12-19 / #5] 澤谷 大樹(-) vs 龍翔(-) -> キックボクシング
    headingText: 全日本新空手道連盟提供試合 キックルール-57.5kg 3分3R延長1R 第5試合 新空手道連盟
    namedDivision: 新空手道連盟
  [北海道大会 / 2022-06-05 / #7] ハワード 颯真(-) vs 竹内 直矢(-) -> グラップリング
    headingText: グラップリングマッチ 58kg契約 第7試合 グラップリング 5分1R
    namedDivision: グラップリング
  [北海道大会 / 2022-06-05 / #6] 畑中 健太(-) vs サッシス(-) -> キックボクシング
    headingText: キックルール 72kg契約 第6試合 3分3R
★ [THE SHOOTO OKINAWA vol.7 / 2022-11-06 / #2] 黒部 三奈(kurobe-mina) vs 小生 由紀(-) -> エキシビジョン
    headingText: スペシャルエキシビジョンマッチ 3分1R
  [Colors（カラーズ） / 2023-05-21 / #5] 前澤 智(-) vs 杉内 由紀(-) -> グラップリング
    headingText: COLORSグラップリングルール 53kg契約 第4試合 グラップリング 8分1R
    namedDivision: グラップリング
★ [Colors（カラーズ） / 2023-05-21 / #1] 井上 愛羅(-) vs NOEL(noel) -> グラップリング
    headingText: オープニングファイト COLORSグラップリングルール 49kg契約 グラップリング 5分1R
    namedDivision: グラップリング
  [PROFESSIONAL SHOOTO 2023 Vol.4 in OSAKA / 2023-06-18 / #19] 成尾 拓輝(-) vs 奥山 雅仁(-) -> キックボクシング
    headingText: 決勝戦 第13試合 CKC2023 -63kgトーナメント キックボクシング 3分3R
    namedDivision: キックボクシング
  [PROFESSIONAL SHOOTO 2023 Vol.4 in OSAKA / 2023-06-18 / #18] 久津輪 将充(-) vs HAYATO(-) -> キックボクシング
    headingText: 決勝戦 第12試合 CKC2023 -57.5kgトーナメント キックボクシング 3分3R
    namedDivision: キックボクシング
  [THE SHOOTO OKINAWA vol.9 / 2023-11-12 / #10] 南風原 吉良斗(-) vs 峯岸 零弥(-) -> グラップリング
    headingText: 斗グラップリングトーナメント決勝戦 第8試合 5分1R
  [THE SHOOTO OKINAWA vol.9 / 2023-11-12 / #2] 南風原 吉良斗(-) vs 新垣 勇樹(-) -> グラップリング
    headingText: OPファイト第2試合 修斗グラップリングトーナメント ライト級 5分1R
  [THE SHOOTO OKINAWA vol.9 / 2023-11-12 / #1] 峯岸 零弥(-) vs 平留 航(-) -> グラップリング
    headingText: OPファイト第1試合 修斗グラップリングトーナメント ライト級 5分1R
  [FIGHT&MOSH / 2023-12-02 / #5] マモル(-) vs 漆谷康宏 & 清水清隆 & 佐藤ルミナ(-) -> エキシビジョン
    headingText: マモル引退エキシビションマッチ 第5試合 5分2R
  [COLORS Produce by SHOOTO Vol.2 “FIGHT&MOSH” / 2023-12-02 / #2] 前澤 智(-) vs 山田 海南江(-) -> グラップリング
    headingText: COLORSグラップリングマッチ 51kg契約 第2試合 グラップリング 8分1R
    namedDivision: グラップリング
  [COLORS Produce by SHOOTO Vol.2 “FIGHT&MOSH” / 2023-12-02 / #1] 緒方 亜香里(-) vs 奥谷 晴加(-) -> グラップリング
    headingText: COLORSグラップリングマッチ 85kg契約 第1試合 グラップリング 8分1R
    namedDivision: グラップリング
  [PROFESSIONAL SHOOTO 2023 Vol.9 in OSAKA / 2023-12-17 / #6] 吉岡 龍輝(-) vs 成尾 拓輝(-) -> キックボクシング
    headingText: セミファイナル・全日本新空手道連盟提供試合 キックルール-63㎏契約 第6試合 Stand up 3分3R
    namedDivision: Stand up
  [PROFESSIONAL SHOOTO 2023 Vol.9 in OSAKA / 2023-12-17 / #2] 山口 悠真(-) vs 阿部 優心(-) -> キックボクシング
    headingText: 全日本新空手道連盟提供試合 キックルール-52㎏契約 第2試合 Stand up 3分3R
    namedDivision: Stand up
  [PROFESSIONAL SHOOTO 2023 Vol.9 in OSAKA / 2023-12-17 / #1] 中納 佑介(-) vs 外岡 一真(-) -> キックボクシング
    headingText: 全日本新空手道連盟提供試合 キックルール-68㎏契約 第1試合 Stand up 3分3R
    namedDivision: Stand up
★ [東京・後楽園ホール / 2024-03-23 / #7] 上原 平(uehara-taira) vs リオン 武(-) -> エキシビジョン
    headingText: 上原平 エキシビションマッチ 第5試合 5分2R
  [PROFESSIONAL SHOOTO 2024 Vol.6 in OSAKA 第1部 / 2024-07-28 / #7] 山﨑 一央(-) vs 陽勇(-) -> キックボクシング
    headingText: メインイベント 決勝戦 ※キックルール 第7試合 CKC2024-63kgトーナメント 3分3R
  [PROFESSIONAL SHOOTO 2024 Vol.6 in OSAKA 第1部 / 2024-07-28 / #2] 陽勇(-) vs 奇天烈(-) -> キックボクシング
    headingText: 1回戦第2試合 延長1R ※キックルール 第2試合 CKC2024-63kgトーナメント CKC 3分3R
    namedDivision: CKC
  [PROFESSIONAL SHOOTO 2024 Vol.6 in OSAKA 第1部 / 2024-07-28 / #1] 吉岡 龍輝(-) vs 山﨑 一央(-) -> キックボクシング
    headingText: 1回戦第1試合 延長1R ※キックルール 第1試合 CKC2024-63kgトーナメント CKC 3分3R
    namedDivision: CKC
  [PROFESSIONAL SHOOTO 2024 Vol.6 in OSAKA 第2部 / 2024-07-28 / #2] Jinya(-) vs タカヤ ハーデスワークアウト(-) -> キックボクシング
    headingText: 全日本新空手道連盟提供試合 57.5kg契約※キックルール 第2試合 新空手道連盟 3分3R
    namedDivision: 新空手道連盟
  [PROFESSIONAL SHOOTO 2024 Vol.6 in OSAKA 第2部 / 2024-07-28 / #1] 阿部 優心(-) vs 斗眞(-) -> キックボクシング
    headingText: 全日本新空手道連盟提供試合 55kg契約※キックルール 第1試合 新空手道連盟 3分3R
    namedDivision: 新空手道連盟
★ [COLORS Produce by SHOOTO Vol.3 / 2024-08-03 / #6] 黒部 三奈(kurobe-mina) vs 杉内 由紀(-) -> グラップリング
    headingText: グラップリング 第6試合 女子ストロー級 8分1R
    namedDivision: 女子ストロー級
  [COLORS Produce by SHOOTO Vol.3 / 2024-08-03 / #5] 中山 有加(-) vs カロリーナ ・デ・アモリン・ クワハラ(-) -> グラップリング
    headingText: 65kg契約 第5試合 グラップリング 8分1R
    namedDivision: グラップリング
★ [COLORS Produce by SHOOTO Vol.4 / 2024-12-15 / #5] 藤野 恵実(fujino-emi) vs 前澤 智(-) -> グラップリング
    headingText: 54kg契約グラップリングルール 第5試合 8分1R
  [COLORS Produce by SHOOTO Vol.4 / 2024-12-15 / #3] KURUMI(-) vs 植田 咲(-) -> グラップリング
    headingText: 58kg契約グラップリングルール 第3試合 8分1R
  [COLORS Produce by SHOOTO Vol.4 / 2024-12-15 / #2] 小笠原 颯希(-) vs 遠藤 ジュリアン 桜(-) -> グラップリング
    headingText: COLORSグラップリングマッチ 48kg契約 第2試合 4分1R
  [COLORS Produce by SHOOTO Vol.4 / 2024-12-15 / #1] 吉村 柚咲(-) vs 笠井 遥月(-) -> グラップリング
    headingText: COLORSグラップリングマッチ 35kg契約 第1試合 4分1R
  [PROFESSIONAL SHOOTO 2024 FINAL in OSAKA / 2024-12-29 / #11] 木下 悦志(-) vs 伊藤 琉之助(-) -> キックボクシング
    headingText: 新空手／Stand up提供試合・CKC2024-51.5kgトーナメント決勝戦 キックルール3分3R延長1R 第11試合 3分3R
  [PROFESSIONAL SHOOTO 2024 FINAL in OSAKA / 2024-12-29 / #10] 白鳥 光希(-) vs タカヤ ハーデスワークアウト(-) -> キックボクシング
    headingText: 新空手／Stand up提供試合・CKCオープンフィンガーワンマッチ キックルール -57.5kg契約3分3R 第10試合 3分3R
  [PROFESSIONAL SHOOTO 2024 FINAL in OSAKA / 2024-12-29 / #9] シンパヤック ハマジム(-) vs 荒尾 祐太(-) -> キックボクシング
    headingText: 新空手／Stand up提供試合・CKCオープンフィンガーワンマッチ キックルール -70kg契約3分3R 第9試合 3分3R
  [PROFESSIONAL SHOOTO 2024 FINAL in OSAKA / 2024-12-29 / #3] 伊藤 琉之助(-) vs 山口 悠真(-) -> キックボクシング
    headingText: 新空手／Stand up提供試合・CKC2024-51.5kgトーナメント一回戦② キックルール3分3R延長1R 第3試合 3分3R
  [PROFESSIONAL SHOOTO 2024 FINAL in OSAKA / 2024-12-29 / #2] 酒井 柚樹(-) vs 木下 悦志(-) -> キックボクシング
    headingText: 新空手／Stand up提供試合・CKC2024-51.5kgトーナメント一回戦① キックルール3分3R延長1R 第2試合 3分3R
★ [THE SHOOTO OKINAWA vol.12 / 2025-04-20 / #9] 黒部 三奈(kurobe-mina) vs 小生 由紀(-) -> グラップリング
    headingText: 第6試合 グラップリング 5分1R
    namedDivision: グラップリング
  [PROFESSIONAL SHOOTO 2025 Vol.5 in OSAKA / 2025-05-25 / #5] 小池 翔(-) vs 伊藤 叶人(-) -> キックボクシング
    headingText: 新空手／Stand up提供試合 キックルール ヘビー級 第5試合 キックボクシング 3分3R
    namedDivision: キックボクシング
  [PROFESSIONAL SHOOTO 2025 Vol.5 in OSAKA / 2025-05-25 / #4] THE ROCK MFC(-) vs 白鳥 光希(-) -> キックボクシング
    headingText: 新空手／Stand up提供試合 キックルール 58.5kg契約 第4試合 キックボクシング 3分3R
    namedDivision: キックボクシング
  [PROFESSIONAL SHOOTO 2025 Vol.5 in OSAKA / 2025-05-25 / #3] 有馬 伶弍(-) vs 井原 浩之(-) -> キックボクシング
    headingText: 新空手／Stand up提供試合 OFGキックルール 67.5kg契約 第3試合 3分3R
  [COLORS Produce by SHOOTO Vol.5 / 2025-06-14 / #4] 植田 咲(-) vs 奥田 愛加(-) -> グラップリング
    headingText: 第4試合 グラップリング 8分1R
    namedDivision: グラップリング
★ [COLORS Produce by SHOOTO Vol.5 / 2025-06-14 / #3] 平田 彩音(hirata-ayane) vs 井上 智子(-) -> グラップリング
    headingText: 第3試合 グラップリング 8分1R
    namedDivision: グラップリング
  [COLORS Produce by SHOOTO Vol.5 / 2025-06-14 / #1] 杉本 越(-) vs 大橋 美歩(-) -> グラップリング
    headingText: COLORS キッズ グラップリング 37kg以下 第1試合 キッズ・ジュニアグラップリング 5分2R
    namedDivision: キッズ・ジュニアグラップリング
  [越後風神祭り15 / 2025-08-31 / #4] 勇星(-) vs 清水 和也(-) -> キックボクシング
    headingText: 越後風神キックボクシング【OFG着用】 63.5kg 契約 第4試合 3分3R
★ [BORDER2025「The2nd」 / 2025-09-07 / #7] ムテカツ(-) vs 中島 陸(nakajima-riku) -> エキシビジョン
    headingText: ムテカツ引退スペシャルエキシビジョンマッチ 第7試合 3分2R
  [PROFESSIONAL SHOOTO 2025 Vol.10 in OSAKA / 2025-11-22 / #11] 惺也(-) vs 森本 現暉(-) -> キックボクシング
    headingText: CKC-67.5kgトーナメント 決勝戦キックルール 第11試合 3分3R
  [PROFESSIONAL SHOOTO 2025 Vol.10 in OSAKA / 2025-11-22 / #3] 正木 翔夢(-) vs 大成(-) -> キックボクシング
    headingText: 新空手／Stand up提供試合キックルール 55kg契約 第3試合 3分3R
  [PROFESSIONAL SHOOTO 2025 Vol.10 in OSAKA / 2025-11-22 / #2] 森本 現暉(-) vs 有馬 伶弍(-) -> キックボクシング
    headingText: CKC-67.5kgトーナメント 一回戦②キックルール 第2試合 3分3R
  [PROFESSIONAL SHOOTO 2025 Vol.10 in OSAKA / 2025-11-22 / #1] 惺也(-) vs 狂介(-) -> キックボクシング
    headingText: CKC-67.5kgトーナメント 一回戦①キックルール 第1試合 3分3R
  [【第1部】COLORS Produce by SHOOTO Vol.6 / 2026-01-18 / #10] 林 美菜(-) vs 愛結菜(-) -> キックボクシング
    headingText: CKC女子-49kgトーナメント 決勝戦キックルール3分3R延長1R 第10試合 CKC 3分3R
    namedDivision: CKC
★ [【第1部】COLORS Produce by SHOOTO Vol.6 / 2026-01-18 / #9] 前澤 智(-) vs 村上 彩(aya-murakami) -> グラップリング
    headingText: グラップリングマッチ女子49kg契約 第9試合 グラップリング 8分1R
    namedDivision: グラップリング
  [【第1部】COLORS Produce by SHOOTO Vol.6 / 2026-01-18 / #5] 奥田 愛加(-) vs 井上 愛羅(-) -> グラップリング
    headingText: グラップリングルール52.2kg契約 第5試合 グラップリング 8分1R
    namedDivision: グラップリング
  [【第1部】COLORS Produce by SHOOTO Vol.6 / 2026-01-18 / #4] 愛結菜(-) vs TSUMIKI(-) -> キックボクシング
    headingText: CKC女子-49kgトーナメント 一回戦②キックルール3分3R延長1R 第4試合 CKC 3分3R
    namedDivision: CKC
  [【第1部】COLORS Produce by SHOOTO Vol.6 / 2026-01-18 / #3] 林 美菜(-) vs 岩永 唯伽(-) -> キックボクシング
    headingText: CKC女子-49kgトーナメント 一回戦①キックルール3分3R延長1R 第3試合 CKC 3分3R
    namedDivision: CKC
  [越後風神祭り16【第2部】 / 2026-04-05 / #1] 社長 THE HIGHBALL(-) vs Ken(-) -> グラップリング
    headingText: 越後荒波グラップリング61.5kg契約 第1試合 グラップリング 5分2R
    namedDivision: グラップリング
  [【第1部】PROFESSIONAL SHOOTO 2026 Vol.3 / 2026-05-17 / #3] 前澤 智(-) vs 奥田 愛加(-) -> グラップリング
    headingText: COLORS グラップリング 51kg契約 女子 8分1R
    namedDivision: 女子
  [PROFESSIONAL SHOOTO 2026 Vol.4 in OSAKA / 2026-05-31 / #2] かずややねんけど(-) vs 加藤 クラッシャーHIDE(-) -> キックボクシング
    headingText: CKCヘビー級トーナメント 一回戦②キックルール3分3R延長1R 第2試合 ヘビー級 1回戦 3分3R
    namedDivision: ヘビー級 1回戦
  [PROFESSIONAL SHOOTO 2026 Vol.4 in OSAKA / 2026-05-31 / #1] ミヤギン(-) vs 伊藤 叶人(-) -> キックボクシング
    headingText: CKCヘビー級トーナメント 一回戦①キックルール3分3R延長1R 第1試合 ヘビー級 1回戦 3分3R
    namedDivision: ヘビー級 1回戦

