対象: 77大会(手動書き起こし=manualOverride除外)
[done] RIZIN.3 Cygames presents RIZIN FIGHTING WORLD GRAND-PRIX 2016 2ND ROUND
[done] RIZIN.4 Cygames presents RIZIN FIGHTING WORLD GRAND-PRIX 2016 FINAL ROUND
[done] RIZIN.5 RIZIN 2017 in YOKOHAMA -SAKURA-
[done] RIZIN.6 RIZIN FIGHTING WORLD GRAND-PRIX 2017 1st ROUND -夏の陣-
[done] RIZIN.7 RIZIN FIGHTING WORLD GRAND-PRIX 2017 バンタム級トーナメント＆女子スーパーアトム級トーナメント1st ROUND -秋の陣-
[done] RIZIN.8 RIZIN FIGHTING WORLD GRAND-PRIX 2017 バンタム級トーナメント2nd ROUND
[done] RIZIN.9 RIZIN FIGHTING WORLD GRAND-PRIX 2017 バンタム級トーナメント＆女子スーパーアトム級トーナメントFinal ROUND
[done] RIZIN.10
[done] RIZIN.11
[done] RWEDDINGS presents RIZIN.12
[done] RIZIN.13
[done] Cygames presents RIZIN.14
[done] Cygames presents RIZIN 平成最後のやれんのか！
[done] RIZIN.15
[done] RIZIN.16
[done] RIZIN.17
[done] GOOD SPEED presents RIZIN.18
[done] RIZIN.19
[done] BELLATOR JAPAN
[done] RIZIN.20
[done] RIZIN.21
[done] RIZIN.22 - STARTING OVER -
[done] RIZIN.23 - CALLING OVER -
[done] Yogibo presents RIZIN.24
[done] Yogibo presents RIZIN.25
[done] Yogibo presents RIZIN.26
[done] Yogibo presents RIZIN.27
[done] Yogibo presents RIZIN.28
[done] Yogibo presents RIZIN.29
[done] Yogibo presents RIZIN.30
[done] +WEED presents RIZIN LANDMARK vol.1
[done] Yogibo presents RIZIN.31
[done] Yogibo presents RIZIN.32
[done] RIZIN TRIGGER 1st
[done] Yogibo presents RIZIN.33
[done] SPASHAN HPS presents RIZIN TRIGGER 2nd
[done] +WEED presents RIZIN LANDMARK vol.2
[done] 湘南美容クリニック presents RIZIN.34
[done] SPASHAN presents RIZIN TRIGGER 3rd
[done] 湘南美容クリニック presents RIZIN.35
[done] +WEED presents RIZIN LANDMARK vol.3
[done] 湘南美容クリニック presents RIZIN.36
[done] 湘南美容クリニック presents RIZIN.37
[done] The Battle Cats presents 超RIZIN / 湘南美容クリニック presents RIZIN.38
[done] 湘南美容クリニック presents RIZIN.39
[done] ANGEL CHAMPAGNE presents RIZIN LANDMARK 4 in NAGOYA
[done] 湘南美容クリニック presents RIZIN.40
[done] RIZIN.41
[done] FEDELTA presents RIZIN LANDMARK 5 in YOYOGI
[done] RIZIN.42
[done] RIZIN.43
[done] のむシリカ presents 超RIZIN.2 powered by U-NEXT
[done] RIZIN.44
[done] For Japan presents RIZIN LANDMARK 6 in NAGOYA
[done] RIZIN LANDMARK 7 in Azerbaijan
[done] にゃんこ大戦争 presents RIZIN.45
[done] RIZIN LANDMARK 8 in SAGA
[done] RIZIN LANDMARK 9 in KOBE
[done] Yogibo presents RIZIN.46
[done] Yogibo presents RIZIN.47
[done] Yogibo presents 超RIZIN.3
[done] Yogibo presents RIZIN.48
[done] RIZIN LANDMARK 10 in NAGOYA
[done] RIZIN DECADE / Yogibo presents RIZIN.49
[done] RIZIN DECADE 雷神番外地
[done] RIZIN.50
[done] RIZIN男祭り
[done] RIZIN WORLD SERIES in KOREA
[done] RIZIN LANDMARK 11 in SAPPORO
[done] 超RIZIN.4 真夏の喧嘩祭り
[done] RIZIN.51
[done] RIZIN LANDMARK 12 in KOBE
[done] Yogibo presents RIZIN師走の超強者祭り
[done] RIZIN.52
[done] 大和開発 presents RIZIN LANDMARK 13 in FUKUOKA
[done] RIZIN.53
[done] RIZIN LANDMARK 14 in SENDAI

=== 結果 ===
fetch失敗: 0大会 / 総bout数: 966 / 差分件数: 0
