対象: 77大会(手動書き起こし=manualOverride除外)
[done] RIZIN.3 Cygames presents RIZIN FIGHTING WORLD GRAND-PRIX 2016 2ND ROUND (13試合)
[done] RIZIN.4 Cygames presents RIZIN FIGHTING WORLD GRAND-PRIX 2016 FINAL ROUND (11試合)
[done] RIZIN.5 RIZIN 2017 in YOKOHAMA -SAKURA- (11試合)
[done] RIZIN.6 RIZIN FIGHTING WORLD GRAND-PRIX 2017 1st ROUND -夏の陣- (11試合)
[done] RIZIN.7 RIZIN FIGHTING WORLD GRAND-PRIX 2017 バンタム級トーナメント＆女子スーパーアトム級トーナメント1st ROUND -秋の陣- (16試合)
[done] RIZIN.8 RIZIN FIGHTING WORLD GRAND-PRIX 2017 バンタム級トーナメント2nd ROUND (12試合)
[done] RIZIN.9 RIZIN FIGHTING WORLD GRAND-PRIX 2017 バンタム級トーナメント＆女子スーパーアトム級トーナメントFinal ROUND (12試合)
[done] RIZIN.10 (12試合)
[done] RIZIN.11 (10試合)
[done] RWEDDINGS presents RIZIN.12 (12試合)
[done] RIZIN.13 (12試合)
[done] Cygames presents RIZIN.14 (14試合)
[done] Cygames presents RIZIN 平成最後のやれんのか！ (7試合)
[done] RIZIN.15 (12試合)
[done] RIZIN.16 (14試合)
[done] RIZIN.17 (12試合)
[done] GOOD SPEED presents RIZIN.18 (13試合)
[done] RIZIN.19 (13試合)
[done] BELLATOR JAPAN (14試合)
[done] RIZIN.20 (15試合)
[done] RIZIN.21 (13試合)
[done] RIZIN.22 - STARTING OVER - (9試合)
[done] RIZIN.23 - CALLING OVER - (9試合)
[done] Yogibo presents RIZIN.24 (11試合)
[done] Yogibo presents RIZIN.25 (10試合)
[done] Yogibo presents RIZIN.26 (16試合)
[done] Yogibo presents RIZIN.27 (14試合)
[done] Yogibo presents RIZIN.28 (7試合)
[done] Yogibo presents RIZIN.29 (13試合)
[done] Yogibo presents RIZIN.30 (10試合)
[done] +WEED presents RIZIN LANDMARK vol.1 (4試合)
[done] Yogibo presents RIZIN.31 (11試合)
[done] Yogibo presents RIZIN.32 (13試合)
[done] RIZIN TRIGGER 1st (14試合)
[done] Yogibo presents RIZIN.33 (16試合)
[done] SPASHAN HPS presents RIZIN TRIGGER 2nd (13試合)
[done] +WEED presents RIZIN LANDMARK vol.2 (5試合)
[done] 湘南美容クリニック presents RIZIN.34 (17試合)
[done] SPASHAN presents RIZIN TRIGGER 3rd (8試合)
[done] 湘南美容クリニック presents RIZIN.35 (10試合)
[done] +WEED presents RIZIN LANDMARK vol.3 (4試合)
[done] 湘南美容クリニック presents RIZIN.36 (13試合)
[done] 湘南美容クリニック presents RIZIN.37 (14試合)
[done] The Battle Cats presents 超RIZIN / 湘南美容クリニック presents RIZIN.38 (11試合)
[done] 湘南美容クリニック presents RIZIN.39 (12試合)
[done] ANGEL CHAMPAGNE presents RIZIN LANDMARK 4 in NAGOYA (14試合)
[done] 湘南美容クリニック presents RIZIN.40 (15試合)
[done] RIZIN.41 (12試合)
[done] FEDELTA presents RIZIN LANDMARK 5 in YOYOGI (9試合)
[done] RIZIN.42 (13試合)
[done] RIZIN.43 (17試合)
[done] のむシリカ presents 超RIZIN.2 powered by U-NEXT (13試合)
[done] RIZIN.44 (10試合)
[done] For Japan presents RIZIN LANDMARK 6 in NAGOYA (16試合)
[done] RIZIN LANDMARK 7 in Azerbaijan (10試合)
[done] にゃんこ大戦争 presents RIZIN.45 (17試合)
[done] RIZIN LANDMARK 8 in SAGA (14試合)
[done] RIZIN LANDMARK 9 in KOBE (14試合)
[done] Yogibo presents RIZIN.46 (10試合)
[done] Yogibo presents RIZIN.47 (9試合)
[done] Yogibo presents 超RIZIN.3 (11試合)
[done] Yogibo presents RIZIN.48 (11試合)
[done] RIZIN LANDMARK 10 in NAGOYA (16試合)
[done] RIZIN DECADE / Yogibo presents RIZIN.49 (15試合)
[done] RIZIN DECADE 雷神番外地 (7試合)
[done] RIZIN.50 (17試合)
[done] RIZIN男祭り (19試合)
[done] RIZIN WORLD SERIES in KOREA (11試合)
[done] RIZIN LANDMARK 11 in SAPPORO (19試合)
[done] 超RIZIN.4 真夏の喧嘩祭り (18試合)
[done] RIZIN.51 (18試合)
[done] RIZIN LANDMARK 12 in KOBE (18試合)
[done] Yogibo presents RIZIN師走の超強者祭り (15試合)
[done] RIZIN.52 (12試合)
[done] 大和開発 presents RIZIN LANDMARK 13 in FUKUOKA (16試合)
[done] RIZIN.53 (15試合)
[done] RIZIN LANDMARK 14 in SENDAI (12試合)

=== 結果 ===
fetch失敗: 0大会
K-1/SBルール等のテキストを含むがruleType=MMAに分類された(ギャップ)件数: 0

既存パターンで正しく非MMAに分類済みだった件数(参考): 0
